:ircserv 464 * :Password incorrect
:ircserv 451 * :You have not registered
:ircserv 451 * :You have not registered
